Γû▓ Next.js 16.2.6 (Turbopack)
- Environments: .env.local
- Experiments (use with caution):
  ┬╖ optimizePackageImports

  Creating an optimized production build ...
Γ£ô Compiled successfully in 73s
  Running TypeScript ...
  Finished TypeScript in 55s ...
  Collecting page data using 3 workers ...
